../Core/Src/main.c:107:5:main	40	static
../Core/Src/main.c:179:6:SystemClock_Config	88	static
../Core/Src/main.c:227:13:MX_TIM1_Init	96	static
../Core/Src/main.c:312:13:MX_TIM2_Init	48	static
../Core/Src/main.c:370:13:MX_TIM4_Init	56	static
../Core/Src/main.c:419:13:MX_USART2_UART_Init	8	static
../Core/Src/main.c:452:13:MX_GPIO_Init	48	static
../Core/Src/main.c:506:6:HAL_GPIO_EXTI_Callback	24	static
../Core/Src/main.c:543:6:HAL_UART_RxCpltCallback	16	static
../Core/Src/main.c:577:6:HAL_TIM_IC_CaptureCallback	16	static
../Core/Src/main.c:597:6:Encoder_CheckChange	16	static
../Core/Src/main.c:607:6:HAL_TIM_OC_DelayElapsedCallback	16	static
../Core/Src/main.c:626:6:Error_Handler	4	static,ignoring_inline_asm
