../Core/Src/main.c:106:7:PID_control	16	static
../Core/Src/main.c:124:5:main	16	static
../Core/Src/main.c:211:6:SystemClock_Config	88	static
../Core/Src/main.c:259:13:MX_TIM1_Init	96	static
../Core/Src/main.c:334:13:MX_TIM2_Init	48	static
../Core/Src/main.c:392:13:MX_TIM4_Init	56	static
../Core/Src/main.c:441:13:MX_USART2_UART_Init	8	static
../Core/Src/main.c:474:13:MX_GPIO_Init	48	static
../Core/Src/main.c:528:6:HAL_GPIO_EXTI_Callback	24	static
../Core/Src/main.c:561:6:HAL_UART_RxCpltCallback	32	static
../Core/Src/main.c:580:6:HAL_TIM_IC_CaptureCallback	16	static
../Core/Src/main.c:603:6:Encoder_CheckChange	16	static
../Core/Src/main.c:619:6:Error_Handler	4	static,ignoring_inline_asm
